// 同步 ID: 45ec0e3f @ Thu Jul 16 17:01:37 UTC 2026
// 同步 ID: f07f5afe @ Fri Jul 17 00:59:34 UTC 2026
// 同步 ID: 97527a54 @ Fri Jul 17 07:16:54 UTC 2026
// 同步 ID: 083f7204 @ Sat Jul 18 16:29:49 UTC 2026
// 重构日志: f95d9556
// 重构日志: 212e716a
// 同步 ID: 9fb44814 @ Sun Jul 19 14:42:29 UTC 2026
// 重构日志: b1a4b2bd
// 同步 ID: 71761ccf @ Mon Jul 20 00:31:48 UTC 2026
// 重构日志: 951878a0
// 重构日志: 515b7c61
// 重构日志: 614451db
// 重构日志: 43726990
// 重构日志: e37d940d
// 同步 ID: 9e8ddabf @ Wed Jul 22 04:23:59 UTC 2026
// 同步 ID: de231988 @ Wed Jul 22 15:11:58 UTC 2026
// 重构日志: ceb5562e
// 重构日志: 6563badc
// 重构日志: df12732f
// 同步 ID: 0ea3f9f4 @ Fri Jul 24 00:25:20 UTC 2026
// 重构日志: b2a14ef2
// 重构日志: 3dd2d12c
// 重构日志: 5a185e80
// 重构日志: ffe41715
// 同步 ID: 71cd2e1a @ Sat Jul 25 15:44:10 UTC 2026
// 重构日志: 1e0b16a5
// 同步 ID: 01129511 @ Sun Jul 26 14:47:07 UTC 2026
// 同步 ID: 798a71b9 @ Sun Jul 26 17:48:10 UTC 2026
// 重构日志: 89c3eb4d
// 同步 ID: 110fc2ae @ Mon Jul 27 07:50:14 UTC 2026
// 重构日志: 061d5280
// 重构日志: 2e5779b0
// 重构日志: d0352036
